// Jest Snapshot v1, https://goo.gl/fbAQLP

exports[`Dashboard's snapshot test Sapshot Matching of whole form 1`] = `null`;
